2026-07-23T15:15:24Z phase=start temp=/tmp/ytb-song-rank-source-backfill-20260720/batch137-kohanalam-continuation2 out=/tmp/ytb-song-rank-source-backfill-20260720/batch137-kohanalam-continuation2/discovery cache=/tmp/ytb-song-rank-source-backfill-20260720/batch137-kohanalam-continuation2/cache
CODEX_REMOTE_CONTEXT pwd=/Users/be
CODEX_REMOTE_GIT main
f1b0e8423e755b2c3b38a5288c98bca3e5d092cc
## main
 M docs/db-api-runtime.md
 M scripts/db/build-runtime-db.py
 M server/song_rank_api.py
 M test/runtime-api.test.js
?? scripts/db/__pycache__/
?? server/__pycache__/
Filesystem      Size    Used   Avail Capacity iused ifree %iused  Mounted on
/dev/disk3s5   926Gi   333Gi   556Gi    38%    711k  5.8G    0%   /System/Volumes/Data
/dev/disk3s5   926Gi   333Gi   556Gi    38%    711k  5.8G    0%   /System/Volumes/Data
2026-07-23T15:15:24Z phase=seeded-checkpoint excludedAcceptedVideoIds=30
CODEX_DISCOVERY_COMMAND channel=https://www.youtube.com/@KohanaLam/streams output=/tmp/ytb-song-rank-source-backfill-20260720/batch137-kohanalam-continuation2/discovery maxInspect=225 timeoutSeconds=880 tabs=default
2026-07-23T15:15:24Z phase=runner-started child=53527
2026-07-23T15:15:24Z phase=checkpoint bytes=889 elapsedSeconds=0
2026-07-23T15:16:24Z phase=checkpoint bytes=3580 elapsedSeconds=60
2026-07-23T15:17:24Z phase=checkpoint bytes=7585 elapsedSeconds=120
2026-07-23T15:18:24Z phase=checkpoint bytes=11633 elapsedSeconds=180
2026-07-23T15:19:24Z phase=checkpoint bytes=30101 elapsedSeconds=240
2026-07-23T15:20:24Z phase=checkpoint bytes=33640 elapsedSeconds=300
2026-07-23T15:21:24Z phase=checkpoint bytes=36405 elapsedSeconds=360
2026-07-23T15:22:24Z phase=checkpoint bytes=44623 elapsedSeconds=420
2026-07-23T15:23:24Z phase=checkpoint bytes=55467 elapsedSeconds=480
2026-07-23T15:24:24Z phase=checkpoint bytes=61389 elapsedSeconds=540
2026-07-23T15:25:24Z phase=checkpoint bytes=67063 elapsedSeconds=600
2026-07-23T15:26:24Z phase=runner-finished rc=0 elapsedSeconds=660
