2026-07-23T13:58:07Z phase=start temp=/tmp/ytb-song-rank-source-backfill-20260720/batch129-kohanalam-continuation out=/tmp/ytb-song-rank-source-backfill-20260720/batch129-kohanalam-continuation/discovery cache=/tmp/ytb-song-rank-source-backfill-20260720/batch129-kohanalam-continuation/cache
2026-07-23T13:58:07Z phase=supervisor-started supervisor=47187
CODEX_REMOTE_CONTEXT pwd=/Users/be/daily-song-list
CODEX_REMOTE_GIT branch=main sha=f1b0e8423e755b2c3b38a5288c98bca3e5d092cc
## main
 M docs/db-api-runtime.md
 M scripts/db/build-runtime-db.py
 M server/song_rank_api.py
 M test/runtime-api.test.js
?? scripts/db/__pycache__/
?? server/__pycache__/
Filesystem      Size    Used   Avail Capacity iused ifree %iused  Mounted on
/dev/disk3s5   926Gi   335Gi   553Gi    38%    710k  5.8G    0%   /System/Volumes/Data
/dev/disk3s5   926Gi   335Gi   553Gi    38%    710k  5.8G    0%   /System/Volumes/Data
CODEX_DISCOVERY_COMMAND channel=https://www.youtube.com/@KohanaLam/streams output=/tmp/ytb-song-rank-source-backfill-20260720/batch129-kohanalam-continuation/discovery maxInspect=224 timeoutSeconds=1180
2026-07-23T13:58:08Z phase=runner-started child=47195
2026-07-23T13:58:08Z phase=checkpoint bytes=52483 elapsedSeconds=1
2026-07-23T13:59:08Z phase=checkpoint bytes=52483 elapsedSeconds=61
2026-07-23T14:00:08Z phase=checkpoint bytes=52483 elapsedSeconds=121
2026-07-23T14:01:08Z phase=checkpoint bytes=55819 elapsedSeconds=181
2026-07-23T14:02:08Z phase=checkpoint bytes=59124 elapsedSeconds=241
2026-07-23T14:03:08Z phase=checkpoint bytes=62475 elapsedSeconds=301
2026-07-23T14:04:08Z phase=checkpoint bytes=65952 elapsedSeconds=361
2026-07-23T14:05:08Z phase=checkpoint bytes=68788 elapsedSeconds=421
2026-07-23T14:06:08Z phase=checkpoint bytes=94310 elapsedSeconds=481
2026-07-23T14:07:08Z phase=checkpoint bytes=101947 elapsedSeconds=541
2026-07-23T14:08:08Z phase=checkpoint bytes=174446 elapsedSeconds=601
2026-07-23T14:09:08Z phase=checkpoint bytes=206310 elapsedSeconds=661
2026-07-23T14:10:08Z phase=checkpoint bytes=212327 elapsedSeconds=721
2026-07-23T14:11:08Z phase=checkpoint bytes=226906 elapsedSeconds=781
2026-07-23T14:12:08Z phase=checkpoint bytes=244371 elapsedSeconds=841
2026-07-23T14:13:08Z phase=checkpoint bytes=306574 elapsedSeconds=901
2026-07-23T14:14:08Z phase=checkpoint bytes=413086 elapsedSeconds=961
2026-07-23T14:15:08Z phase=checkpoint bytes=473553 elapsedSeconds=1021
2026-07-23T14:16:08Z phase=checkpoint bytes=514708 elapsedSeconds=1081
2026-07-23T14:17:08Z phase=checkpoint bytes=525540 elapsedSeconds=1141
2026-07-23T14:18:08Z phase=runner-timeout elapsedSeconds=1201 child=47195
2026-07-23T14:18:13Z phase=runner-finished rc=124 elapsedSeconds=1201
